---
property1: string
Property 2: 100
date: 2020-10-10T00:00:00.000Z
---
Markdown content