// Code generated by Netspective IGS. DO NOT EDIT.

export interface TestInterface {
  readonly firstName: string;
  readonly lastName: string;
  readonly numericProperty: number;
  readonly birthDate: Date;
}

export const testInterfaceContent: TestInterface[] = [{'First Name':'Shahid','Last Name':'Shah','Numeric Property':100,'Birth Date':new Date(24364800000)}];